
Usage:	docker app [OPTIONS] COMMAND

A tool to build, share and run a Docker App

Options:
      --version   Print version information

Management Commands:
  image       Manage App images

Commands:
  build       Build an App image from an App definition (.dockerapp)
  init        Initialize an App definition
  ls          List running Apps
  pull        Pull an App image from a registry
  push        Push an App image to a registry
  rm          Remove a running App
  run         Run an App from an App image
  update      Update a running App
  validate    Check that an App definition (.dockerapp) is syntactically correct

Run 'docker app COMMAND --help' for more information on a command.
