myapp 0.1.0

Maintained by: dev <dev@example.com>

some description

Services (2) Replicas Ports     Image
------------ -------- -----     -----
web1         2        8080-8100 nginx:latest
web2         2        9080-9100 nginx:latest

Networks (2)
------------
my-network1
my-network2

Volumes (2)
-----------
my-volume1
my-volume2

Secrets (2)
-----------
my-secret1
my-secret2

Parameters (2) Value
-------------- -----
port           8080
text           hello

Attachment (1) Size
-------------- ----
config.cfg     9B
